Traceback (most recent call last):
  File "d:\BTS\src\hybrid_simulation\simulator.py", line 276, in run
    propagator = HybridOpticalPropagator(
        optical_system=self._surfaces,
    ...<6 lines>...
        debug=self._debug,
    )
  File "d:\BTS\src\hybrid_optical_propagation\hybrid_propagator.py", line 198, in __init__
    self._precompute_optical_axis()
    ~~~~~~~~~~~~~~~~~~~~~~~~~~~~~^^
  File "d:\BTS\src\hybrid_optical_propagation\hybrid_propagator.py", line 219, in _precompute_optical_axis
    chief_ray_data = self._trace_chief_ray_through_system()
  File "d:\BTS\src\hybrid_optical_propagation\hybrid_propagator.py", line 286, in _trace_chief_ray_through_system
    return self._trace_chief_ray_optiland()
           ~~~~~~~~~~~~~~~~~~~~~~~~~~~~~~^^
  File "d:\BTS\src\hybrid_optical_propagation\hybrid_propagator.py", line 324, in _trace_chief_ray_optiland
    optic.trace(rays)
    ~~~~~~~~~~~^^^^^^
TypeError: Optic.trace() missing 2 required positional arguments: 'Hy' and 'wavelength'

During handling of the above exception, another exception occurred:

Traceback (most recent call last):
  File "d:\BTS\tests\integration\离轴抛物面镜传输误差标准测试文件.py", line 159, in run_oap_test
    result = bts.simulate(
        system,
    ...<3 lines>...
        debug=debug,
    )
  File "d:\BTS\src\bts\simulation.py", line 122, in simulate
    result = sim.run()
  File "d:\BTS\src\hybrid_simulation\simulator.py", line 302, in run
    raise SimulationError(f"仿真执行失败: {e}")
hybrid_simulation.exceptions.SimulationError: 仿真执行失败: Optic.trace() missing 2 required positional arguments: 'Hy' and 'wavelength'
